[
    {
        "ID": "91f0d4cb-4c36-49a5-b28d-2d72da089c4d",
        "Name": "test_project",
        "FullName": "tphoney/test_project/test_project",
        "Namespace": "tphoney/test_project",
        "Branch": "main",
        "Link": "https://dev.azure.com/tphoney/test_project/_git/test_project",
        "Clone": "https://tphoney@dev.azure.com/tphoney/test_project/_git/test_project",
        "CloneSSH":  "git@ssh.dev.azure.com:v3/tphoney/test_project/test_project"
    },
    {
        "ID": "fde2d21f-13b9-4864-a995-83329045289a",
        "Name": "test_repo2",
        "FullName": "tphoney/test_project/test_repo2",
        "Namespace": "tphoney/test_project",
        "Branch": "main",
        "Link": "https://dev.azure.com/tphoney/test_project/_git/test_repo2",
        "Clone": "https://tphoney@dev.azure.com/tphoney/test_project/_git/test_repo2",
        "CloneSSH":  "git@ssh.dev.azure.com:v3/tphoney/test_project/test_repo2"
    }
]