{
  "Ref": "refs/tags/feature/x",
  "BaseRef": "",
  "Repo": {
    "ID": "{bc771cbf-829e-4c4b-b71f-a0eb3ac2b860}",
    "Namespace": "brydzewski",
    "Name": "foo",
    "FullName": "brydzewski/foo",
    "Perm": null,
    "Branch": "",
    "Private": true,
    "Clone": "https://bitbucket.org/brydzewski/foo.git",
    "CloneSSH": "git@bitbucket.org:brydzewski/foo.git",
    "Link": "https://bitbucket.org/brydzewski/foo",
    "Created": "0001-01-01T00:00:00Z",
    "Updated": "0001-01-01T00:00:00Z"
  },
  "Before": "",
  "After": "141977fedf5cf35aa290ac87d4b5177ac4cd9de1",
  "Created": false,
  "Deleted": false,
  "Forced": false,
  "Compare": "",
  "Commits": null,
  "Commit": {
    "Sha": "141977fedf5cf35aa290ac87d4b5177ac4cd9de1",
    "Message": "Update README\n",
    "Tree": {
      "Sha": "",
      "Link": ""
    },
    "Author": {
      "Name": "Brad Rydzewski",
      "Email": "brad.rydzewski@gmail.com",
      "Date": "2018-07-02T20:26:56Z",
      "Login": "brydzewski",
      "Avatar": "https://bitbucket.org/account/brydzewski/avatar/32/"
    },
    "Committer": {
      "Name": "Brad Rydzewski",
      "Email": "brad.rydzewski@gmail.com",
      "Date": "2018-07-02T20:26:56Z",
      "Login": "brydzewski",
      "Avatar": "https://bitbucket.org/account/brydzewski/avatar/32/"
    },
    "Link": "https://bitbucket.org/brydzewski/foo/commits/141977fedf5cf35aa290ac87d4b5177ac4cd9de1"
  },
  "Sender": {
    "ID": 0,
    "Login": "brydzewski",
    "Name": "Brad Rydzewski",
    "Email": "",
    "Avatar": "https://bitbucket.org/account/brydzewski/avatar/32/",
    "Link": "",
    "Created": "0001-01-01T00:00:00Z",
    "Updated": "0001-01-01T00:00:00Z"
  },
  "GUID": "ee8d97b4-1479-43f1-9cac-fbbd1b80da55",
  "Installation": null
}