[
    {
        "Number": 1,
        "Title": "Add License File",
        "Body": "Using a BSD License",
        "Sha": "4f5e7d8f15cf79387cfd8a0d30c58855ab61e138",
        "Ref": "refs/pull/1/head",
        "Source": "feature",
        "Target": "master",
        "Base": {
            "Ref": "master",
            "Sha": "39af58f1eff02aa308e16913e887c8d50362b474",
            "Repo": {
                "ID": "6589",
                "Namespace": "jcitizen",
                "Name": "my-repo",
                "FullName": "jcitizen/my-repo",
                "Perm": {},
                "Branch": "master",
                "Clone": "https://try.gitea.io/jcitizen/my-repo.git",
                "CloneSSH": "git@try.gitea.io:jcitizen/my-repo.git",
                "Link": "https://try.gitea.io/jcitizen/my-repo",
                "Created": "2018-07-06T00:08:02Z",
                "Updated": "2018-07-06T00:37:22Z"
            }
        },
        "Head": {
            "Ref": "feature",
            "Sha": "4f5e7d8f15cf79387cfd8a0d30c58855ab61e138",
            "Repo": {
                "ID": "6589",
                "Namespace": "jcitizen",
                "Name": "my-repo",
                "FullName": "jcitizen/my-repo",
                "Perm": {},
                "Branch": "master",
                "Clone": "https://try.gitea.io/jcitizen/my-repo.git",
                "CloneSSH": "git@try.gitea.io:jcitizen/my-repo.git",
                "Link": "https://try.gitea.io/jcitizen/my-repo",
                "Created": "2018-07-06T00:08:02Z",
                "Updated": "2018-07-06T00:37:22Z"
            }
        },
        "Fork": "jcitizen/my-repo",
        "Link": "https://try.gitea.io/jcitizen/my-repo/pulls/1",
        "Closed": false,
        "Merged": false,
        "Mergeable": true,
        "Author": {
            "ID": 6641,
            "Login": "jcitizen",
            "Name": "",
            "Email": "jcitizen@example.com",
            "Avatar": "https://secure.gravatar.com/avatar/66f07ff48e6a9cb393de7a34e03bb52a?d=identicon"
        },
        "Created": "2018-07-06T00:37:47Z",
        "Updated": "2018-07-06T00:37:47Z"
    }
]
