{
    "Action": "closed",
    "Repo": {
        "ID": "1",
        "Namespace": "PRJ",
        "Name": "my-repo",
        "Perm": null,
        "Branch": "master",
        "Archived": false,
        "Private": true,
        "Visibility": 0,
        "Clone": "",
        "CloneSSH": "",
        "Link": "",
        "Created": "0001-01-01T00:00:00Z",
        "Updated": "0001-01-01T00:00:00Z"
    },
    "PullRequest": {
        "Number": 2,
        "Title": "added LICENSE",
        "Body": "added BSD license text",
        "Sha": "b9eaed50a03c073b20dfa82e5e753d295e7f0e56",
        "Ref": "refs/pull-requests/2/from",
        "Source": "develop",
        "Target": "master",
        "Fork": "PRJ/my-repo",
        "Link": "",
        "Diff": "",
        "Draft": false,
        "Closed": true,
        "Merged": false,
        "Merge": "",
        "Base": {
            "Name": "master",
            "Path": "refs/heads/master",
            "Sha": "823b2230a56056231c9425d63758fa87078a66b4"
        },
        "Head": {
            "Name": "develop",
            "Path": "refs/heads/develop",
            "Sha": "b9eaed50a03c073b20dfa82e5e753d295e7f0e56"
        },
        "Author": {
            "ID": "",
            "Login": "jcitizen",
            "Name": "Jane Citizen",
            "Email": "jane@example.com",
            "Avatar": "https://www.gravatar.com/avatar/9e26471d35a78862c17e467d87cddedf.jpg",
            "Created": "0001-01-01T00:00:00Z",
            "Updated": "0001-01-01T00:00:00Z"
        },
        "Created": "2018-07-06T00:51:30.848+05:30",
        "Updated": "2018-07-06T01:00:48.868+05:30",
        "Labels": null
    },
    "Sender": {
        "ID": "",
        "Login": "jcitizen",
        "Name": "Jane Citizen",
        "Email": "jane@example.com",
        "Avatar": "https://www.gravatar.com/avatar/9e26471d35a78862c17e467d87cddedf.jpg",
        "Created": "0001-01-01T00:00:00Z",
        "Updated": "0001-01-01T00:00:00Z"
    }
}
