{
  "DeploymentStatus": {
    "Link": "https://api.github.com/repos/Codertocat/Hello-World/deployments/145988746/statuses/209916254",
    "ID": "209916254",
    "State": "success",
    "Author": {
      "login": "Codertocat",
      "ID": 21031067,
      "Avatar": "https://avatars1.githubusercontent.com/u/21031067?v=4",
      "Link": "https://github.com/Codertocat"
    },
    "Description": "",
    "Environment": "production",
    "TargetLink": "",
    "Created": "2019-05-15T15:20:55Z",
    "Updated": "2019-05-15T15:20:55Z",
    "DeploymentLink": "https://api.github.com/repos/Codertocat/Hello-World/deployments/145988746",
    "RepositoryLink": "https://api.github.com/repos/Codertocat/Hello-World"
  },
  "Deployment": {
    "Namespace": "Codertocat",
    "Name": "Hello-World",
    "FullName": "Codertocat/Hello-World",
    "Link": "https://api.github.com/repos/Codertocat/Hello-World/deployments/145988746",
    "ID": "145988746",
    "Sha": "f95f852bd8fca8fcc58a9a2d6c842781e32a215e",
    "Ref": "master",
    "Task": "deploy",
    "Payload": {
    },
    "OriginalEnvironment": "production",
    "Environment": "production",
    "Description": null,
    "Author": {
      "Login": "Codertocat",
      "ID": 21031067,
      "Avatar": "https://avatars1.githubusercontent.com/u/21031067?v=4",
      "Link": "https://github.com/Codertocat"
    },
    "Created": "2019-05-15T15:20:53Z",
    "Updated": "2019-05-15T15:20:55Z",
    "StatusLink": "https://api.github.com/repos/Codertocat/Hello-World/deployments/145988746/statuses",
    "RepositoryLink": "https://api.github.com/repos/Codertocat/Hello-World"
  },
  "Action": "",
  "Repo": {
    "ID": "186853002",
    "Namespace": "Codertocat",
    "Name": "Hello-World",
    "FullName": "Codertocat/Hello-World",
    "Perm": {
      "Pull": false,
      "Push": false,
      "Admin": false
    },
    "Branch": "master",
    "Private": false,
    "Clone": "https://github.com/Codertocat/Hello-World.git",
    "CloneSSH": "git@github.com:Codertocat/Hello-World.git",
    "Link": "https://github.com/Codertocat/Hello-World",
    "Created": "2019-05-15T15:19:25Z",
    "Updated": "2019-05-15T15:20:41Z"
  },
  "Sender": {
    "ID": 21031067,
    "Login": "Codertocat",
    "Name": "",
    "Email": "",
    "Avatar": "https://avatars1.githubusercontent.com/u/21031067?v=4",
    "Link": "https://github.com/Codertocat",
    "Created": "0001-01-01T00:00:00Z",
    "Updated": "0001-01-01T00:00:00Z"
  },
  "Label": {
    "ID": 0,
    "URL": "",
    "Name": "",
    "Description": "",
    "Color": ""
  },
  "Installation": null
}