{
  "Action": "deleted",
  "Repos": [
    {
      "ID": "1296269",
      "Namespace": "",
      "Name": "Hello-World",
      "FullName": "octocat/Hello-World",
      "Perm": {
        "Pull": false,
        "Push": false,
        "Admin": false
      },
      "Branch": "",
      "Private": false,
      "Clone": "",
      "CloneSSH": "",
      "Link": "",
      "Created": "0001-01-01T00:00:00Z",
      "Updated": "0001-01-01T00:00:00Z"
    }
  ],
  "Installation": {
    "ID": 2,
    "Account": {
      "ID": 1,
      "Login": "octocat"
    }
  },
  "Sender": {
    "Login": "octocat",
    "Name": "",
    "Email": "",
    "Avatar": "https://github.com/images/error/octocat_happy.gif",
    "Link": "https://github.com/octocat",
    "Created": "0001-01-01T00:00:00Z",
    "Updated": "0001-01-01T00:00:00Z"
  }
}