{
  "Action": "checks_canceled",
  "Repo": {
    "ID": "35129377",
    "Namespace": "octocat",
    "Name": "Hello-World",
    "Perm": {},
    "Branch": "master",
    "Clone": "https://github.com/octocat/Hello-World.git",
    "CloneSSH": "git@github.com:octocat/Hello-World.git",
    "Link": "https://github.com/octocat/Hello-World",
    "Created": "2011-01-26T19:01:12Z",
    "Updated": "2014-03-03T18:58:10Z"
  },
  "Sender": {
    "Login": "octocat",
    "Avatar": "https://github.com/images/error/octocat_happy.gif"
  },
  "Branch": "master",
  "Sha": "bcafa0e2e4ec6909ad75cb8fad57c0b1eb5986e7"
}
