{
  "Action": "edited",
  "Repo": {
    "ID": "335170389",
    "Namespace": "shivamnegi94",
    "Name": "testrepo",
    "Branch": "main",
    "Private": false,
    "Link": "https://github.com/shivamnegi94/testrepo",
    "Created": "2021-02-02T04:41:22Z",
    "Updated": "2025-07-29T06:43:46Z",
    "Visibility": 1,
    "Perm": {},
    "CloneSSH": "git@github.com:shivamnegi94/testrepo.git",
    "Clone": "https://github.com/shivamnegi94/testrepo.git"
  },
  "PullRequest": {
    "Number": 206,
    "Title": "Update sacsac.yaml",
    "Body": null,
    "Sha": "9dc1b02c9b25bac779bdb2f31034f3f2421aa71d",
    "Ref": "refs/pull/206/head",
    "Source": "ut",
    "Target": "main",
    "Fork": "shivamnegi94/testrepo",
    "Link": "https://github.com/shivamnegi94/testrepo/pull/206",
    "Diff": "https://github.com/shivamnegi94/testrepo/pull/206.diff",
    "Closed": false,
    "Merged": false,
    "Base": {
      "Sha": "8115fbff29ce287c1c080ab132ccbb48dee76dcd",
      "Path": "refs/heads/main",
      "Name": "main"
    },
    "Head": {
      "Sha": "9dc1b02c9b25bac779bdb2f31034f3f2421aa71d",
      "Path": "refs/heads/ut",
      "Name": "ut"
    },
    "Author": {
      "Login": "utkarshchoubey-harness",
      "Name": "",
      "Email": "",
      "Avatar": "https://avatars.githubusercontent.com/u/101091340?v=4"
    },
    "Created": "2025-07-29T06:44:39Z",
    "Updated": "2025-07-29T06:50:15Z"
  },
  "Sender": {
    "Login": "shivamnegi94",
    "Name": "",
    "Email": "",
    "Avatar": "https://avatars.githubusercontent.com/u/58415634?v=4"
  }
}
