{
  "Action": "submitted",
  "Repo": {
    "ID": "186853002",
    "Namespace": "Codertocat",
    "Name": "Hello-World",
    "FullName": "Codertocat/Hello-World",
    "Perm": {},
    "Branch": "master",
    "Private": false,
    "Clone": "https://github.com/Codertocat/Hello-World.git",
    "CloneSSH": "git@github.com:Codertocat/Hello-World.git",
    "Link": "https://github.com/Codertocat/Hello-World",
    "Created": "2019-05-15T15:19:25Z",
    "Updated": "2019-05-15T15:20:34Z"
  },
  "PullRequest": {
    "Number": 2,
    "Title": "Update the README with new information.",
    "Body": "This is a pretty simple change that we need to pull into master.",
    "Sha": "ec26c3e57ca3a959ca5aad62de7213c562f8c821",
    "Ref": "refs/pull/2/head",
    "Source": "changes",
    "Target": "master",
    "Base": {
      "Ref": "master",
      "Sha": "f95f852bd8fca8fcc58a9a2d6c842781e32a215e",
      "Repo": {
        "ID": "186853002",
        "Namespace": "Codertocat",
        "Name": "Hello-World",
        "FullName": "Codertocat/Hello-World",
        "Perm": {
          "Pull": false,
          "Push": false,
          "Admin": false
        },
        "Branch": "master",
        "Private": false,
        "Clone": "https://github.com/Codertocat/Hello-World.git",
        "CloneSSH": "git@github.com:Codertocat/Hello-World.git",
        "Link": "https://github.com/Codertocat/Hello-World",
        "Created": "2019-05-15T15:19:25Z",
        "Updated": "2019-05-15T15:20:34Z"
      }
    },
    "Head": {
      "Ref": "changes",
      "Sha": "ec26c3e57ca3a959ca5aad62de7213c562f8c821",
      "Repo": {
        "ID": "186853002",
        "Namespace": "Codertocat",
        "Name": "Hello-World",
        "FullName": "Codertocat/Hello-World",
        "Perm": {
          "Pull": false,
          "Push": false,
          "Admin": false
        },
        "Branch": "master",
        "Private": false,
        "Clone": "https://github.com/Codertocat/Hello-World.git",
        "CloneSSH": "git@github.com:Codertocat/Hello-World.git",
        "Link": "https://github.com/Codertocat/Hello-World",
        "Created": "2019-05-15T15:19:25Z",
        "Updated": "2019-05-15T15:20:34Z"
      }
    },
    "Fork": "Codertocat/Hello-World",
    "DiffLink": "https://github.com/Codertocat/Hello-World/pull/2.diff",
    "Link": "https://github.com/Codertocat/Hello-World/pull/2",
    "State": "open",
    "Closed": false,
    "MergeSha": "c4295bd74fb0f4fda03689c3df3f2803b658fd85",
    "Merged": false,
    "Author": {
      "ID": 21031067,
      "Login": "Codertocat",
      "Name": "",
      "Email": "",
      "Link": "https://github.com/Codertocat",
      "Avatar": "https://avatars1.githubusercontent.com/u/21031067?v=4"
    },
    "Created": "2019-05-15T15:20:33Z",
    "Updated": "2019-05-15T15:20:38Z"
  },
  "Review": {
    "ID": 237895671,
    "Sha": "ec26c3e57ca3a959ca5aad62de7213c562f8c821",
    "Link": "https://github.com/Codertocat/Hello-World/pull/2#pullrequestreview-237895671",
    "State": "commented",
    "Author": {
      "ID": 0,
      "Login": "Codertocat",
      "Avatar": "https://avatars1.githubusercontent.com/u/21031067?v=4"
    },
    "Created": "2019-05-15T15:20:38Z"
  },
  "Sender": {
    "ID": 817538,
    "Login": "bradrydzewski",
    "Name": "",
    "Email": "",
    "Link": "https://github.com/bradrydzewski",
    "Avatar": "https://avatars1.githubusercontent.com/u/817538?v=4"
  },
  "GUID": "f2467dea-70d6-11e8-8955-3c83993e0aef"
}
