[
  {
    "Name": "html",
    "Path": "files/html",
    "Type": "dir",
    "Size": 0,
    "Sha": "",
    "Link": ""
  },
  {
    "Name": "images",
    "Path": "files/images",
    "Type": "dir",
    "Size": 0,
    "Sha": "",
    "Link": ""
  },
  {
    "Name": "js",
    "Path": "files/js",
    "Type": "dir",
    "Size": 0,
    "Sha": "",
    "Link": ""
  },
  {
    "Name": "lfs",
    "Path": "files/lfs",
    "Type": "dir",
    "Size": 0,
    "Sha": "",
    "Link": ""
  },
  {
    "Name": "markdown",
    "Path": "files/markdown",
    "Type": "dir",
    "Size": 0,
    "Sha": "",
    "Link": ""
  },
  {
    "Name": "ruby",
    "Path": "files/ruby",
    "Type": "dir",
    "Size": 0,
    "Sha": "",
    "Link": ""
  },
  {
    "Name": "whitespace",
    "Path": "files/whitespace",
    "Type": "file",
    "Size": 0,
    "Sha": "",
    "Link": ""
  }
]