{
  "Action": "created",
  "Repo": {
    "ID": "61",
    "Namespace": "gogits",
    "Name": "hello-world",
    "FullName": "gogits/hello-world",
    "Branch": "master",
    "Private": true,
    "Clone": "http://try.gitea.io/gogits/hello-world.git",
    "CloneSSH": "git@localhost:gogits/hello-world.git",
    "Link": "http://try.gitea.io/gogits/hello-world",
    "Created": "2017-12-09T01:30:43Z",
    "Updated": "2017-12-09T07:23:37Z"
  },
  "PullRequest": {
    "Number": 2,
    "Title": "huge improvements",
    "Body": "run gofmt",
    "Labels": null,
    "Sha": "4f5e7d8f15cf79387cfd8a0d30c58855ab61e138",
    "Ref": "refs/pull/2/head",
    "Source": "feature",
    "Target": "master",
    "Base": {
      "Ref": "master",
      "Sha": "39af58f1eff02aa308e16913e887c8d50362b474",
      "Repo": {
        "ID": "61",
        "Namespace": "gogits",
        "Name": "hello-world",
        "FullName": "gogits/hello-world",
        "Perm": {
          "Pull": false,
          "Push": false,
          "Admin": false
        },
        "Branch": "master",
        "Private": false,
        "Clone": "https://try.gitea.io/gogits/hello-world.git",
        "CloneSSH": "git@try.gitea.io:gogits/hello-world.git",
        "Link": "https://try.gitea.io/gogits/hello-world",
        "Created": "2018-07-06T00:08:02Z",
        "Updated": "2018-07-06T00:37:22Z"
      }
    },
    "Head": {
      "Ref": "feature",
      "Sha": "4f5e7d8f15cf79387cfd8a0d30c58855ab61e138",
      "Repo": {
        "ID": "61",
        "Namespace": "gogits",
        "Name": "hello-world",
        "FullName": "gogits/hello-world",
        "Perm": {
          "Pull": false,
          "Push": false,
          "Admin": false
        },
        "Branch": "master",
        "Private": false,
        "Clone": "https://try.gitea.io/gogits/hello-world.git",
        "CloneSSH": "git@try.gitea.io:gogits/hello-world.git",
        "Link": "https://try.gitea.io/gogits/hello-world",
        "Created": "2017-12-09T01:30:43Z",
        "Updated": "2017-12-09T07:23:37Z"
      }
    },
    "Fork": "gogits/hello-world",
    "State": "open",
    "Closed": false,
    "Draft": false,
    "Merged": false,
    "Mergeable": true,
    "Rebaseable": false,
    "MergeableState": "",
    "MergeSha": "",
    "Author": {
      "ID": 1,
      "Login": "unknwon",
      "Name": "",
      "Email": "noreply@gogs.io",
      "Avatar": "https://secure.gravatar.com/avatar/8c58a0be77ee441bb8f8595b7f1b4e87",
      "Link": "",
      "Created": "0001-01-01T00:00:00Z",
      "Updated": "0001-01-01T00:00:00Z"
    },
    "Assignees": null,
    "Reviewers": null,
    "Milestone": {
      "Number": 0,
      "ID": 0,
      "Title": "",
      "Description": "",
      "Link": "",
      "State": ""
    },
    "Created": "2017-12-09T07:21:43Z",
    "Updated": "2017-12-09T07:21:43Z",
    "Link": "https://try.gitea.io/gogits/hello-world/pulls/2",
    "DiffLink": "https://try.gitea.io/gogits/hello-world/pulls/2.diff"
  },
  "Comment": {
    "ID": 45,
    "Body": "run gofmt",
    "Author": {
      "ID": 1,
      "Login": "unknwon",
      "Name": "",
      "Email": "noreply@gogs.io",
      "Avatar": "https://secure.gravatar.com/avatar/8c58a0be77ee441bb8f8595b7f1b4e87",
      "Link": "",
      "Created": "0001-01-01T00:00:00Z",
      "Updated": "0001-01-01T00:00:00Z"
    },
    "Link": "",
    "Version": 0,
    "Created": "0001-01-01T00:00:00Z",
    "Updated": "0001-01-01T00:00:00Z"
  },
  "Sender": {
    "ID": 1,
    "Login": "unknwon",
    "Name": "",
    "Email": "noreply@gogs.io",
    "Avatar": "https://secure.gravatar.com/avatar/8c58a0be77ee441bb8f8595b7f1b4e87",
    "Link": "",
    "Created": "0001-01-01T00:00:00Z",
    "Updated": "0001-01-01T00:00:00Z"
  },
  "Installation": null,
  "GUID": "ee8d97b4-1479-43f1-9cac-fbbd1b80da55"
}
