{
    "Ref": "aeafa0e2e4ec6909ad75cb8fad57c0b1eb5986e6",
    "Before": "0000000000000000000000000000000000000000",
    "After": "aeafa0e2e4ec6909ad75cb8fad57c0b1eb5986e6",
    "Repo": {
        "ID": "",
        "Namespace": "",
        "Name": "aba",
        "Perm": null,
        "Branch": "",
        "Private": false,
        "Clone": "",
        "CloneSSH": "",
        "Link": "",
        "Created": "0001-01-01T00:00:00Z",
        "Updated": "0001-01-01T00:00:00Z"
    },
    "Commit": {
        "Sha": "aeafa0e2e4ec6909ad75cb8fad57c0b1eb5986e6",
        "Message": "version 4",
        "Author": {
            "Name": "Admin",
            "Email": "admin@harness.io",
            "Date": "0001-01-01T00:00:00Z",
            "Login": "",
            "Avatar": ""
        },
        "Committer": {
            "Name": "",
            "Email": "",
            "Date": "0001-01-01T00:00:00Z",
            "Login": "",
            "Avatar": ""
        },
        "Link": ""
    },
    "Sender": {
        "Login": "",
        "Name": "default",
        "Email": "",
        "Avatar": ""
    }
}