{
    "Ref": {
        "Name": "idpdocs",
        "Path": "",
        "Sha": "b8ba6d6045f85379a2dc5b556d8a9ea23a69ac13"
    },
    "Repo": {
        "ID": "12622",
        "Namespace": "TSG",
        "Name": "nova-ui",
        "Perm": null,
        "Branch": "master",
        "Archived": false,
        "Private": true,
        "Visibility": 0,
        "Clone": "https://gts-it.fnb.co.za/stash/scm/tsg/nova-ui.git",
        "CloneSSH": "ssh://git@gts-it.fnb.co.za:7999/tsg/nova-ui.git",
        "Link": "https://gts-it.fnb.co.za/stash/projects/TSG/repos/nova-ui/browse",
        "Created": "0001-01-01T00:00:00Z",
        "Updated": "0001-01-01T00:00:00Z"
    },
    "Action": "created",
    "Sender": {
        "ID": "",
        "Login": "f4651405",
        "Name": "De Roubaix, Izak",
        "Email": "iroubaix@fnb.co.za",
        "Avatar": "https://www.gravatar.com/avatar/a2592595c23bcd620c5cd2121a6f4e2a.jpg",
        "Created": "0001-01-01T00:00:00Z",
        "Updated": "0001-01-01T00:00:00Z"
    }
}
