[
    {
        "Path": "COPYING",
        "Added": true,
        "Renamed": false,
        "Deleted": false
    },
    {
        "Path": "README",
        "Added": false,
        "Renamed": false,
        "Deleted": true,
        "Patch": "@@ -1,1 +0,0 @@\n-old readme"
    },
    {
        "Path": "README.md",
        "Added": true,
        "Renamed": false,
        "Deleted": false
    },
    {
        "Path": "main.go",
        "Added": true,
        "Renamed": false,
        "Deleted": false,
        "Patch": "@@ -1,0 +1,3 @@\n+package main\n+\n+func main() {}"
    }
]