[
  {
    "ID": 2,
    "Body": "this is second comment",
    "Author": {
      "ID": "",
      "Login": "jcitizen",
      "Name": "Jane Citizen",
      "Email": "jane@example.com",
      "Avatar": "https://www.gravatar.com/avatar/9e26471d35a78862c17e467d87cddedf.jpg",
      "Created": "0001-01-01T00:00:00Z",
      "Updated": "0001-01-01T00:00:00Z"
    },
    "Created": "2018-07-05T11:28:50+05:30",
    "Updated": "2018-07-05T11:28:50+05:30",
    "ParentID": 0
  },
  {
    "ID": 3,
    "Body": "this is reply to second comment",
    "Author": {
      "ID": "",
      "Login": "jcitizen",
      "Name": "Jane Citizen",
      "Email": "jane@example.com",
      "Avatar": "https://www.gravatar.com/avatar/9e26471d35a78862c17e467d87cddedf.jpg",
      "Created": "0001-01-01T00:00:00Z",
      "Updated": "0001-01-01T00:00:00Z"
    },
    "Created": "2018-07-05T11:29:05+05:30",
    "Updated": "2018-07-05T11:29:05+05:30",
    "ParentID": 2
  },
  {
    "ID": 1,
    "Body": "this is a comment",
    "Author": {
      "ID": "",
      "Login": "jcitizen",
      "Name": "Jane Citizen",
      "Email": "jane@example.com",
      "Avatar": "https://www.gravatar.com/avatar/9e26471d35a78862c17e467d87cddedf.jpg",
      "Created": "0001-01-01T00:00:00Z",
      "Updated": "0001-01-01T00:00:00Z"
    },
    "Created": "2018-07-05T11:28:45+05:30",
    "Updated": "2018-07-05T11:28:45+05:30",
    "ParentID": 0
  }
]