[
  {
    "ID": 1,
    "Repo": {
      "ID": "1296269",
      "Namespace": "octocat",
      "Name": "Hello-World",
      "FullName": "octocat/Hello-World",
      "CloneSSH": "git@github.com:octocat/Hello-World.git",
      "Link": "https://github.com/octocat/Hello-World",
      "Perm": {}
    },
    "Invitee": {
      "ID": 1,
      "Login": "octocat",
      "Avatar": "https://github.com/images/error/octocat_happy.gif",
      "Link": "https://github.com/octocat"
    },
    "Inviter": {
      "ID": 1,
      "Login": "octocat",
      "Avatar": "https://github.com/images/error/octocat_happy.gif",
      "Link": "https://github.com/octocat"
    },
    "Permissions": "write",
    "Link": "https://api.github.com/user/repository_invitations/1296269",
    "Created": "2016-06-13T14:52:50-05:00"
  }
]
