[
  {
    "ID": 80,
    "Body": "Here is the body for the review.",
    "Sha": "ecdd80bb57125d7ba9641ffaa4d7d2c19d3f3091",
    "Link": "https://github.com/octocat/Hello-World/pull/12#pullrequestreview-80",
    "State": "APPROVED",
    "Author": {
      "Login": "octocat",
      "Avatar": "https://github.com/images/error/octocat_happy.gif"
    },
    "Created": "2019-11-17T17:43:43Z"
  }
]
